refgff is ref.MPXV.NC063383.v7.gff
0 374
ID=ITR-UPDATETAG-RPT1;rpt_type=long_terminal_repeat ID=ITR-UPDATETAG-RPT2;rpt_type=long_terminal_repeat
