{
    "Bakta database download": {
        "content": [
            [
                "versions.yml:md5,29d6ec77dc88492b2c53141e6541c289"
            ]
        ],
        "meta": {
            "nf-test": "0.9.2",
            "nextflow": "25.04.6"
        },
        "timestamp": "2025-08-28T16:25:22.893231628"
    },
    "Bakta database download - stub": {
        "content": [
            [
                [
                    
                ],
                "versions.yml:md5,29d6ec77dc88492b2c53141e6541c289"
            ]
        ],
        "meta": {
            "nf-test": "0.9.2",
            "nextflow": "25.04.6"
        },
        "timestamp": "2025-08-28T16:25:28.780679353"
    }
}