{
    "Should run without failures": {
        "content": [
            {
                "0": [
                    [
                        {
                            "batch_id": "batch_1",
                            "batch_tsv": "batch_1_bacteria.tsv:md5,25c21c0546d6beb4281768d216698a0c",
                            "sample_id": "CP040557"
                        },
                        "CP040557.gff3:md5,89a53e8515acb16f2454b40decb83df5"
                    ]
                ],
                "1": [
                    [
                        {
                            "batch_id": "batch_1",
                            "batch_tsv": "batch_1_bacteria.tsv:md5,25c21c0546d6beb4281768d216698a0c",
                            "sample_id": "CP040557"
                        },
                        "CP040557.fna:md5,3f29ef0f122a99db0129e8cec69cdeeb"
                    ]
                ],
                "fna": [
                    [
                        {
                            "batch_id": "batch_1",
                            "batch_tsv": "batch_1_bacteria.tsv:md5,25c21c0546d6beb4281768d216698a0c",
                            "sample_id": "CP040557"
                        },
                        "CP040557.fna:md5,3f29ef0f122a99db0129e8cec69cdeeb"
                    ]
                ],
                "gff": [
                    [
                        {
                            "batch_id": "batch_1",
                            "batch_tsv": "batch_1_bacteria.tsv:md5,25c21c0546d6beb4281768d216698a0c",
                            "sample_id": "CP040557"
                        },
                        "CP040557.gff3:md5,89a53e8515acb16f2454b40decb83df5"
                    ]
                ]
            }
        ],
        "meta": {
            "nf-test": "0.9.2",
            "nextflow": "25.04.6"
        },
        "timestamp": "2025-08-28T16:32:44.788889061"
    }
}