{
    "Should run without failures": {
        "content": [
            {
                "0": [
                    [
                        {
                            "batch_id": "batch_1",
                            "batch_tsv": "batch_1.tsv:md5,4ab00a8f04e89e82dd5504f5ca0c0a6c",
                            "sample_id": "NY0006"
                        },
                        "NY0006.fasta:md5,4a11c4fe6d828bf5e411c21d10075b7c"
                    ]
                ],
                "1": [
                    [
                        {
                            "batch_id": "batch_1",
                            "batch_tsv": "batch_1.tsv:md5,4ab00a8f04e89e82dd5504f5ca0c0a6c",
                            "sample_id": "NY0006"
                        },
                        "NY0006_reformatted.gff:md5,19697038c49dd5b9324bd8465bd91a2c"
                    ]
                ],
                "fasta": [
                    [
                        {
                            "batch_id": "batch_1",
                            "batch_tsv": "batch_1.tsv:md5,4ab00a8f04e89e82dd5504f5ca0c0a6c",
                            "sample_id": "NY0006"
                        },
                        "NY0006.fasta:md5,4a11c4fe6d828bf5e411c21d10075b7c"
                    ]
                ],
                "gff": [
                    [
                        {
                            "batch_id": "batch_1",
                            "batch_tsv": "batch_1.tsv:md5,4ab00a8f04e89e82dd5504f5ca0c0a6c",
                            "sample_id": "NY0006"
                        },
                        "NY0006_reformatted.gff:md5,19697038c49dd5b9324bd8465bd91a2c"
                    ]
                ]
            }
        ],
        "meta": {
            "nf-test": "0.9.2",
            "nextflow": "25.04.6"
        },
        "timestamp": "2025-08-28T16:33:00.022359022"
    }
}