{
    "Run with profile test, virus | biosample": {
        "content": [
            {
                "0": [
                    [
                        {
                            "batch_id": "batch_1",
                            "batch_tsv": "batch_1_mpxv.tsv:md5,4ab00a8f04e89e82dd5504f5ca0c0a6c"
                        },
                        [
                            [
                                "submission.xml:md5,71d3fcc17f36692d2d1dc276c69313c1",
                                "submit.ready:md5,d41d8cd98f00b204e9800998ecf8427e"
                            ],
                            "prep_submission.log:md5,46670308a40f814e8586ff8e1231018e",
                            "submission.log:md5,e913a908f2bbeea2e2d895679701d9f4"
                        ]
                    ]
                ],
                "submission_batch_folder": [
                    [
                        {
                            "batch_id": "batch_1",
                            "batch_tsv": "batch_1_mpxv.tsv:md5,4ab00a8f04e89e82dd5504f5ca0c0a6c"
                        },
                        [
                            [
                                "submission.xml:md5,71d3fcc17f36692d2d1dc276c69313c1",
                                "submit.ready:md5,d41d8cd98f00b204e9800998ecf8427e"
                            ],
                            "prep_submission.log:md5,46670308a40f814e8586ff8e1231018e",
                            "submission.log:md5,e913a908f2bbeea2e2d895679701d9f4"
                        ]
                    ]
                ]
            }
        ],
        "meta": {
            "nf-test": "0.9.2",
            "nextflow": "25.04.6"
        },
        "timestamp": "2025-08-28T16:33:08.667586447"
    }
}