{
    "Should clean and validate the FASTA file": {
        "content": null,
        "meta": {
            "nf-test": "0.9.2",
            "nextflow": "25.04.6"
        },
        "timestamp": "2025-08-28T16:21:46.340077568"
    }
}