{
    "Run with test profile and mock batch": {
        "content": [
            "fetch_submission.log:md5,fc75830516ca9996550bbdb6dc99ebdb"
        ],
        "meta": {
            "nf-test": "0.9.2",
            "nextflow": "25.04.6"
        },
        "timestamp": "2025-08-28T16:21:40.356775611"
    }
}